48d00000 T _start
48d00020 t _undefined_instruction
48d00024 t _software_interrupt
48d00028 t _prefetch_abort
48d0002c t _data_abort
48d00030 t _not_used
48d00034 t _irq
48d00038 t _fiq
48d00040 t _TEXT_BASE
48d00044 t _EXCEPTION_BASE
48d00048 T _armboot_start
48d0004c T _bss_start
48d00050 T _bss_end
48d00054 t reset
48d00080 t relocate
48d000a0 t copy_loop
48d000b0 t stack_setup
48d000c0 t clear_bss
48d000cc t clbss_l
48d000e0 t _start_armboot
48d000e4 t cpu_init_crit
48d00120 t undefined_instruction
48d00180 t software_interrupt
48d001e0 t prefetch_abort
48d00240 t data_abort
48d002a0 t not_used
48d00300 t irq
48d00360 t fiq
48d003c0 T platformsetup
48d00450 t loop0
48d0046c t loop1
48d00498 T pl1
48d00508 t pl2
48d00520 t delay
48d00538 t _platformsetup
48d0053c t init_table
48d0061c t dllkey
48d00620 t ddr_config_reg
48d00624 t probe_table
48d00654 T enable_interrupts
48d00658 T disable_interrupts
48d00660 T set_timer
48d00670 T reset_timer_masked
48d0069c T get_timer_masked
48d006f0 T get_timer
48d00704 T get_ticks
48d00720 T get_tbclk
48d0072c T show_regs
48d00868 T bad_mode
48d0088c T do_irq
48d008b0 T do_fiq
48d008d4 T do_not_used
48d008f8 T do_data_abort
48d0091c T do_prefetch_abort
48d00940 T do_software_interrupt
48d00964 T do_undefined_instruction
48d00988 T interrupt_init
48d009d0 T udelay_masked
48d00a4c T udelay
48d00aec T reset_timer
48d00b18 T sbrk
48d00b60 T raise
48d00b78 T hang
48d00b88 t display_banner
48d00be0 t display_dram_config
48d00c54 t init_baudrate
48d00cb4 T start_armboot
48d00e9c t __fswab16
48d00eac t __fswab32
48d00ed0 t startAgainTimeout
48d00ee4 t startAgainHandler
48d00ee8 T NetSetHandler
48d00ef8 T NetCksum
48d00f3c T NetCksumOk
48d00f68 T copy_filename
48d00fb8 T string_to_VLAN
48d01014 T getenv_VLAN
48d0102c T string_to_ip
48d0109c T getenv_IPaddr
48d010b4 T NetEthHdrSize
48d01100 T VLAN_to_string
48d0115c T ip_to_string
48d011a8 T print_IPaddr
48d011cc T NetSetEther
48d012ac t NetCopyIP
48d012b4 T NetSetIP
48d013c4 t NetWriteIP
48d013e8 t NetReadIP
48d0140c t PingHandler
48d01444 T NetSendPacket
48d01448 T ArpRequest
48d0156c T NetReceive
48d01a74 T PingSend
48d01bfc T NetSetTimeout
48d01c3c T NetSendUDPPacket
48d01db0 t PingTimeout
48d01dd4 T NetStartAgain
48d01e5c T ArpTimeoutCheck
48d01ef0 T NetLoop
48d0234c t __fswab16
48d0235c t TftpSend
48d024ec T TftpStart
48d0272c t TftpTimeout
48d02794 t TftpHandler
48d02a14 t __fswab16
48d02a24 t __fswab32
48d02a48 t truncate_sz
48d02a7c t NetCopyIP
48d02a84 t NetWriteIP
48d02aa8 t NetReadLong
48d02acc T BootpRequest
48d02cf0 t BootpHandler
48d02ff8 t BootpTimeout
48d0304c T RarpRequest
48d03158 t RarpHandler
48d031a4 t RarpTimeout
48d031f8 T flash_make_addr
48d0320c T flash_read_uchar
48d03220 T flash_read_ushort
48d03244 T flash_read_long
48d03288 t flash_add_byte
48d0332c t flash_make_cmd
48d033e0 t flash_isset
48d034ac t flash_isequal
48d0356c t flash_write_cmd
48d03610 T flash_init
48d039e0 t flash_unlock_seq
48d03a20 t flash_full_status_check
48d03d14 t flash_write_cfiword
48d03f34 T write_buff
48d040f4 T flash_print_info
48d0428c T flash_erase
48d0443c t calc_divisor
48d04464 T serial_setbrg
48d04488 T serial_tstc
48d04494 T serial_getc
48d044b0 T serial_putc
48d044e0 T serial_puts
48d04504 T serial_init
48d0452c t oxnas_fractional_divider
48d04540 T NS16550_init
48d04588 T NS16550_reinit
48d045d0 T NS16550_putc
48d045e4 T NS16550_getc
48d045f8 T NS16550_tstc
48d04604 T do_run
48d04678 T run_command
48d04a48 t delete_char
48d04b24 T readline
48d04cfc T main_loop
48d0506c t print_num
48d05080 T do_bdinfo
48d05184 T do_go
48d05200 t __fswab32
48d05224 T gunzip
48d0537c t zfree
48d05384 t zalloc
48d05394 T print_image_hdr
48d05708 t image_info
48d05800 T do_iminfo
48d0586c T do_bootm
48d05d80 t get_dev
48d05dbc T do_ext2load
48d060b0 T do_ext2ls
48d06200 t flash_fill_sect_ranges
48d063c8 T flash_sect_protect
48d064bc t abbrev_spec
48d0661c T do_protect
48d068c4 T flash_sect_erase
48d069a0 T do_flerase
48d06b20 T do_flinfo
48d06b98 t __fswab32
48d06bbc T is_device_present
48d06bdc T ide_get_dev
48d06bf0 t ident_cpy
48d06c5c t ide_outb
48d06c60 t ide_inb
48d06c74 t ide_wait
48d06cbc T ide_write
48d06ed0 t input_data
48d06ed4 T ide_read
48d071bc t ide_probe
48d0727c t byte_swap_and_trim
48d07310 T ide_init
48d07594 T do_diskboot
48d07898 T do_ide
48d07cd4 T do_mem_base
48d07d20 T do_mem_crc
48d07de0 T do_mem_mtest
48d07f28 T cmd_get_data_size
48d07fa8 t mod_mem
48d08124 T do_mem_nm
48d0814c T do_mem_mm
48d08174 T do_mem_loop
48d0826c T do_mem_cp
48d0839c T do_mem_cmp
48d0854c T do_mem_mw
48d08624 T do_mem_md
48d08808 T do_ping
48d088a4 t netboot_common
48d08b60 T do_rarpb
48d08b6c T do_tftpb
48d08b78 T do_bootp
48d08b84 t envmatch
48d08bf4 T getenv_r
48d08cc8 T do_saveenv
48d08cfc T getenv
48d08d78 T _do_setenv
48d09214 T do_setenv
48d09260 T setenv
48d09298 T do_printenv
48d09448 T do_ledfail
48d094f8 T find_cmd
48d0958c T do_echo
48d0960c T do_help
48d097c4 T do_version
48d097ec T do_exit
48d09824 T do_test
48d09c78 t console_setfile
48d09d20 T fgetc
48d09d58 T ftstc
48d09d90 T fputc
48d09dc4 T fputs
48d09df8 T disable_ctrlc
48d09e10 T had_ctrlc
48d09e20 T clear_ctrlc
48d09e34 T dbg
48d09e40 T console_init_f
48d09e50 T console_assign
48d09ee0 T fprintf
48d09f2c T puts
48d09f48 T vprintf
48d09f78 T printf
48d09fbc T console_init_r
48d0a158 T serial_printf
48d0a19c T putc
48d0a1b8 T tstc
48d0a1d0 T getc
48d0a1e8 T ctrlc
48d0a24c T devices_done
48d0a270 T device_register
48d0a29c T devices_init
48d0a34c T malloc_bin_reloc
48d0a37c T malloc_usable_size
48d0a3c0 T mallopt
48d0a434 T malloc_trim
48d0a50c T free
48d0a760 T cfree
48d0a764 T malloc
48d0ad7c T memalign
48d0ae98 T pvalloc
48d0aeb0 T valloc
48d0aebc T calloc
48d0afa4 T realloc
48d0b41c T env_get_char_memory
48d0b43c T env_get_addr
48d0b45c t env_get_char_init
48d0b488 T env_crc_update
48d0b4b4 T env_relocate
48d0b554 T env_get_char_spec
48d0b560 t check_sram_env_integrity
48d0b5a4 T env_init
48d0b678 T saveenv
48d0b73c T env_relocate_spec
48d0b794 t dummy
48d0b798 T get_version
48d0b7a0 T jumptable_init
48d0b828 T flash_protect
48d0b920 T addr2info
48d0b968 T flash_perror
48d0ba48 T flash_write
48d0bbb4 t b_reset
48d0bbd0 T simple_itoa
48d0bc24 t static_get
48d0bc40 t static_peek
48d0bc4c t file_peek
48d0bc58 t setup_string_in_str
48d0bc84 t is_assignment
48d0bce0 T mapset
48d0bd04 T u_boot_hush_start
48d0bd88 t file_get
48d0bf5c t xmalloc
48d0bf88 T new_pipe
48d0bfb4 t syntax_err
48d0bfc0 t free_pipe_list
48d0c0b0 t b_free
48d0c0d4 t xrealloc
48d0c100 t done_command
48d0c188 t done_pipe
48d0c1d8 t initialize_context
48d0c218 t b_addchr
48d0c2a0 t b_addqchr
48d0c2fc T reserved_word
48d0c438 t done_word
48d0c5b0 t insert_var_value
48d0c764 t set_local_var
48d0c920 T update_ifs_map
48d0c994 t parse_stream_outer
48d0cf64 T parse_file_outer
48d0cfac T parse_string_outer
48d0d074 t run_list_real
48d0d884 T GetHandleSize
48d0d88c T ListSetAllocationPolicy
48d0d8a0 T ListGetPtrToItem
48d0d8d0 T ListGetDataPtr
48d0d8dc T ListGetItemSize
48d0d8e8 T ListNumItems
48d0d8f4 T ListGetItems
48d0d938 T SetHandleSize
48d0d9bc T ListInsertItems
48d0db80 T ListInsertItem
48d0db88 T DisposeHandle
48d0dba8 T ListDispose
48d0dbac T NewHandle
48d0dc0c T ListCreate
48d0dc6c T __aeabi_uidiv
48d0dc6c T __udivsi3
48d0dd18 T __aeabi_uidivmod
48d0dd30 T __aeabi_idiv
48d0dd30 T __divsi3
48d0de0c T __aeabi_idivmod
48d0de24 T __div0
48d0de34 T crc32
48d0df30 T print_size
48d0dfc8 T display_options
48d0dff0 T strcpy
48d0e008 T strncpy
48d0e030 T strcat
48d0e05c T strncat
48d0e0a8 T strcmp
48d0e0d4 T strncmp
48d0e118 T strchr
48d0e144 T strlen
48d0e164 T strrchr
48d0e1a4 T strnlen
48d0e1cc T strspn
48d0e210 T strpbrk
48d0e250 T strtok
48d0e2dc T strsep
48d0e314 T strswab
48d0e358 T memset
48d0e374 T bcopy
48d0e3a0 T memcpy
48d0e3c0 T memmove
48d0e408 T memcmp
48d0e444 T memscan
48d0e468 T strstr
48d0e4d4 T memchr
48d0e500 T strdup
48d0e53c T strnicmp
48d0e5c0 T simple_strtoul
48d0e678 T simple_strtol
48d0e6ac t skip_atoi
48d0e6e4 t number
48d0e920 T panic
48d0e978 T vsprintf
48d0ed60 T sprintf
48d0ed90 t falloc
48d0edb4 t ffree
48d0edb8 t inflate_trees_free
48d0edf4 t huft_build
48d0f3a4 t inflate_codes_new
48d0f3fc t inflate_codes_free
48d0f424 t inflate_blocks_reset
48d0f4f0 T inflateEnd
48d0f58c T inflateReset
48d0f5f4 T inflateSync
48d0f6f8 T inflateInit2
48d0f838 T inflateInit
48d0f840 T adler32
48d0f9ac t inflate_flush
48d0fb28 T inflateIncomp
48d0fc58 T inflate
48d11bcc T board_late_init
48d11bd4 T misc_init_r
48d11bdc T dram_init
48d11c74 T reset_cpu
48d11ce8 T board_init
48d11df0 t init_rx_descriptor
48d11ea0 t init_tx_descriptor
48d11fe4 T set_rx_descriptor
48d1210c T get_rx_descriptor
48d1222c t dma_reg_write
48d1223c t dma_reg_clear_mask
48d12260 T phy_read
48d122a0 T phy_write
48d122dc T phy_detect
48d12370 T start_phy_reset
48d12388 T is_phy_reset_complete
48d123b8 T set_phy_type_rgmii
48d123cc T detect_link_speed
48d123fc T is_autoneg_complete
48d12424 T is_link_ok
48d1244c T eth_send
48d125e0 T eth_rx
48d126a8 T phy_initialise
48d12798 t eth_down
48d1290c T eth_halt
48d1292c T eth_init
48d12d98 t xfer_wr_shadow_to_orbs
48d12de8 t encode_control_status
48d12ef0 t encode_final_eot
48d12f14 t wait_not_busy
48d12f78 t scr_write
48d12fe8 t scr_read
48d13050 t wait_dma_not_busy
48d13110 t wait_sata_command_not_busy
48d13178 T oxnas_sata_inb
48d1328c t wait_no_error
48d1331c T oxnas_sata_input_data
48d1341c T oxnas_sata_outb
48d135a8 T ide_preinit
48d13838 T oxnas_sata_output_data
48d13940 t cp_delay
48d1396c T cpu_init
48d13974 T cleanup_before_linux
48d139a4 T do_reset
48d139c4 T icache_enable
48d139e0 T icache_status
48d139f0 T icache_disable
48d13a0c t __fswab32
48d13a30 T do_bootm_linux
48d13dc4 T flush_cache
48d13dc8 t ext2fs_read_inode
48d13e98 T ext2fs_mount
48d13f50 T ext2fs_free_node
48d13f70 T ext2fs_close
48d1404c T ext2fs_read_file
48d14568 T ext2fs_read
48d145ac t ext2fs_iterate_dir
48d14814 T ext2fs_find_file1
48d14a8c T ext2fs_find_file
48d14b1c T ext2fs_open
48d14bc4 T ext2fs_ls
48d14c40 T ext2fs_devread
48d14dd4 T ext2fs_set_blk_dev
48d14e34 T print_part
48d14ef8 T dev_print
48d150c0 T get_partition_info
48d150ec T init_part
48d15108 t le32_to_int
48d15130 t is_extended
48d15154 T test_part_dos
48d151a8 t get_partition_info_extended
48d153cc T get_partition_info_dos
48d153f4 t print_partition_extended
48d155d4 T print_part_dos
48d15600 r C.7.1945
48d15680 R version_string
48d156b0 r baudrate_table
48d156c4 r crc_table
48d15ac4 r border
48d15b10 r inflate_mask
48d15b54 r sata_regs_base
48d1a234 D init_sequence
48d1a26c D NetBcastAddr
48d1a272 D NetOurVLAN
48d1a274 D NetOurNativeVLAN
48d1a278 d erase_seq
48d1a27c d tab_seq
48d1a288 D load_addr
48d1a28c d curr_device
48d1a290 D dp_last_length
48d1a294 D stdio_names
48d1a2a0 d trim_threshold
48d1a2a4 d mmap_threshold
48d1a2a8 d av_
48d1a6b0 d sbrk_base
48d1a6b4 D env_get_char
48d1a6b8 D default_environment
48d1a900 D env_name_spec
48d1a904 d reserved_list
48d1a988 D _ctype
48d1aa88 D zlib_version
48d1aa8c D z_errmsg
48d1aaac d cplens
48d1ab28 d cplext
48d1aba4 d cpdist
48d1ac1c d cpdext
48d1ac94 d fixed_left
48d1ac98 D oxnas_ram_dma_settings
48d1aca4 d oxnas_sata_dma_settings
48d1acb0 D indir1_blkno
48d1acb4 D indir2_blkno
48d1acb8 A __u_boot_cmd_start
48d1acb8 D __u_boot_cmd_bdinfo
48d1acd0 D __u_boot_cmd_go
48d1ace8 D __u_boot_cmd_reset
48d1ad00 D __u_boot_cmd_bootm
48d1ad18 D __u_boot_cmd_iminfo
48d1ad30 D __u_boot_cmd_ext2ls
48d1ad48 D __u_boot_cmd_ext2load
48d1ad60 D __u_boot_cmd_flinfo
48d1ad78 D __u_boot_cmd_erase
48d1ad90 D __u_boot_cmd_protect
48d1ada8 D __u_boot_cmd_ide
48d1adc0 D __u_boot_cmd_diskboot
48d1add8 D __u_boot_cmd_md
48d1adf0 D __u_boot_cmd_mm
48d1ae08 D __u_boot_cmd_nm
48d1ae20 D __u_boot_cmd_mw
48d1ae38 D __u_boot_cmd_cp
48d1ae50 D __u_boot_cmd_cmp
48d1ae68 D __u_boot_cmd_crc32
48d1ae80 D __u_boot_cmd_base
48d1ae98 D __u_boot_cmd_loop
48d1aeb0 D __u_boot_cmd_mtest
48d1aec8 D __u_boot_cmd_bootp
48d1aee0 D __u_boot_cmd_tftpboot
48d1aef8 D __u_boot_cmd_rarpboot
48d1af10 D __u_boot_cmd_ping
48d1af28 D __u_boot_cmd_printenv
48d1af40 D __u_boot_cmd_setenv
48d1af58 D __u_boot_cmd_saveenv
48d1af70 D __u_boot_cmd_run
48d1af88 D __u_boot_cmd_ledfail
48d1afa0 D __u_boot_cmd_version
48d1afb8 D __u_boot_cmd_echo
48d1afd0 D __u_boot_cmd_test
48d1afe8 D __u_boot_cmd_exit
48d1b000 D __u_boot_cmd_help
48d1b018 D __u_boot_cmd_question_mark
48d1b030 A __bss_start
48d1b030 A __u_boot_cmd_end
48d1b030 b timestamp
48d1b034 b lastdec
48d1b038 B monitor_flash_len
48d1b03c b mem_malloc_start
48d1b040 b mem_malloc_end
48d1b044 b mem_malloc_brk
48d1b048 B NetOurSubnetMask
48d1b04c B NetOurGatewayIP
48d1b050 B NetOurDNSIP
48d1b054 B NetOurNISDomain
48d1b074 B NetOurHostName
48d1b094 B NetOurRootPath
48d1b0d4 B NetBootFileSize
48d1b0d6 B NetServerEther
48d1b0dc B NetEtherNullAddr
48d1b0e4 B NetTxPacket
48d1b0e8 B NetBootFileXferSize
48d1b0ec B NetOurEther
48d1b0f4 B NetOurIP
48d1b0f8 B NetServerIP
48d1b0fc B NetRxPackets
48d1b10c B NetRxPkt
48d1b110 B NetRxPktLen
48d1b114 B NetIPID
48d1b118 B NetState
48d1b11c B BootFile
48d1b19c B NetPingIP
48d1b1a0 B PktBuf
48d1cfc0 B NetArpWaitPacketIP
48d1cfc4 B NetArpWaitReplyIP
48d1cfc8 B NetArpWaitPacketMAC
48d1cfcc B NetArpWaitTxPacket
48d1cfd0 B NetArpWaitTxPacketSize
48d1cfd4 B NetArpWaitPacketBuf
48d1d5f4 B NetArpWaitTimerStart
48d1d5f8 B NetArpWaitTry
48d1d5fc b mac.2614
48d1d604 b packetHandler
48d1d608 b timeHandler
48d1d60c b timeStart
48d1d610 b timeDelta
48d1d614 b PingSeqNo
48d1d618 b TftpServerPort
48d1d61c b TftpOurPort
48d1d620 b TftpTimeoutCount
48d1d624 b TftpBlock
48d1d628 b TftpLastBlock
48d1d62c b TftpBlockWrap
48d1d630 b TftpBlockWrapOffset
48d1d634 b TftpState
48d1d638 b default_filename
48d1d648 b tftp_filename
48d1d64c B BootpID
48d1d650 B BootpTry
48d1d654 B RarpTry
48d1d658 B flash_info
48d1d7e0 B console_buffer
48d1d8e0 B header
48d1d920 B ide_bus_offset
48d1d924 B ide_dev_desc
48d1d9ec b ide_init_called.2471
48d1d9f0 b ide_bus_ok
48d1d9f4 B dp_last_addr
48d1d9f8 B dp_last_size
48d1d9fc B mm_last_addr
48d1da00 B mm_last_size
48d1da04 b base_address
48d1da08 b ctrlc_was_pressed
48d1da0c b ctrlc_disabled
48d1da10 B devlist
48d1da14 B stdio_devices
48d1da20 b top_pad
48d1da24 b n_mmaps_max
48d1da28 b current_mallinfo
48d1da50 b max_sbrked_mem
48d1da54 b max_total_mem
48d1da58 B env_ptr
48d1da5c B last_return_code
48d1da60 B nesting_level
48d1da64 b top_vars
48d1da68 b flag_repeat
48d1da6c b do_repeat
48d1da70 b the_command.2252
48d1db70 b buf.2701
48d1db98 b local.2225
48d1dbb0 b ifs
48d1dbb4 b map
48d1dcb4 B ___strtok
48d1dcb8 b fixed_lock
48d1dcbc b fixed_built
48d1dcc0 b fixed_mem
48d1ed50 b fixed_bl
48d1ed54 b fixed_bd
48d1ed58 b fixed_tl
48d1ed5c b fixed_td
48d1ed60 b priv_data
48d1edb0 b wr_sata_orb4
48d1edb8 b wr_sata_orb2
48d1edc0 b wr_sata_orb3
48d1edc8 b wr_sata_orb1
48d1edd0 b disk_present
48d1edd8 b params
48d1eddc B ext2fs_root
48d1ede0 B ext2fs_file
48d1ede4 B symlinknest
48d1ede8 B indir1_block
48d1edec B indir1_size
48d1edf0 B indir2_block
48d1edf4 B indir2_size
48d1edf8 b ext2fs_block_dev_desc
48d1edfc b part_info
48d1ee48 A _end
